--------------------------------------------------------------------------------------
Timing Analyzer Summary
--------------------------------------------------------------------------------------

Type           : Worst-case tsu
Slack          : N/A
Required Time  : None
Actual Time    : 8.933 ns
From           : uIR_13
To             : reg8:SIG|inst9
From Clock     : --
To Clock       : uIR_6_expR
Failed Paths   : 0

Type           : Worst-case tco
Slack          : N/A
Required Time  : None
Actual Time    : 16.591 ns
From           : reg8_bus:inst9|reg8:inst1|inst7
To             : TEST5
From Clock     : START_CP
To Clock       : --
Failed Paths   : 0

Type           : Worst-case tpd
Slack          : N/A
Required Time  : None
Actual Time    : 14.495 ns
From           : uIR4_RAM_WRITE
To             : AdRAM_2
From Clock     : --
To Clock       : --
Failed Paths   : 0

Type           : Worst-case th
Slack          : N/A
Required Time  : None
Actual Time    : 4.028 ns
From           : uIR22
To             : counter_bus:uPC|uPC:inst|74161:inst1|f74161:sub|99
From Clock     : --
To Clock       : START_CP
Failed Paths   : 0

Type           : Clock Setup: 'uIR_3_HALT'
Slack          : N/A
Required Time  : None
Actual Time    : 73.04 MHz ( period = 13.691 ns )
From           : reg8_bus:R0|reg8:inst1|inst6
To             : reg8:SIG|inst9
From Clock     : uIR_3_HALT
To Clock       : uIR_3_HALT
Failed Paths   : 0

Type           : Clock Setup: 'CONTINUOUS_PULSE'
Slack          : N/A
Required Time  : None
Actual Time    : 73.04 MHz ( period = 13.691 ns )
From           : reg8_bus:R0|reg8:inst1|inst6
To             : reg8:SIG|inst9
From Clock     : CONTINUOUS_PULSE
To Clock       : CONTINUOUS_PULSE
Failed Paths   : 0

Type           : Clock Setup: 'START_CP'
Slack          : N/A
Required Time  : None
Actual Time    : 73.04 MHz ( period = 13.691 ns )
From           : reg8_bus:R0|reg8:inst1|inst6
To             : reg8:SIG|inst9
From Clock     : START_CP
To Clock       : START_CP
Failed Paths   : 0

Type           : Clock Setup: 'uIR_11'
Slack          : N/A
Required Time  : None
Actual Time    : 89.66 MHz ( period = 11.153 ns )
From           : reg8_bus:R0|reg8:inst1|inst6
To             : reg8_bus:I_R|reg8:inst1|inst4
From Clock     : uIR_11
To Clock       : uIR_11
Failed Paths   : 0

Type           : Clock Setup: 'uIR_10'
Slack          : N/A
Required Time  : None
Actual Time    : 89.66 MHz ( period = 11.153 ns )
From           : reg8_bus:R0|reg8:inst1|inst6
To             : reg8_bus:I_R|reg8:inst1|inst4
From Clock     : uIR_10
To Clock       : uIR_10
Failed Paths   : 0

Type           : Clock Setup: 'uIR_9'
Slack          : N/A
Required Time  : None
Actual Time    : 89.66 MHz ( period = 11.153 ns )
From           : reg8_bus:R0|reg8:inst1|inst6
To             : reg8_bus:I_R|reg8:inst1|inst4
From Clock     : uIR_9
To Clock       : uIR_9
Failed Paths   : 0

Type           : Clock Setup: 'uIR_6_expR'
Slack          : N/A
Required Time  : None
Actual Time    : 121.14 MHz ( period = 8.255 ns )
From           : reg8:SIG|inst5
To             : reg8:SIG|inst9
From Clock     : uIR_6_expR
To Clock       : uIR_6_expR
Failed Paths   : 0

Type           : Clock Hold: 'START_CP'
Slack          : Not operational: Clock Skew > Data Delay
Required Time  : None
Actual Time    : N/A
From           : reg8:SIG|inst7
To             : reg8_bus:I_R|reg8:inst1|inst9
From Clock     : START_CP
To Clock       : START_CP
Failed Paths   : 108

Type           : Clock Hold: 'CONTINUOUS_PULSE'
Slack          : Not operational: Clock Skew > Data Delay
Required Time  : None
Actual Time    : N/A
From           : reg8:SIG|inst7
To             : reg8_bus:I_R|reg8:inst1|inst9
From Clock     : CONTINUOUS_PULSE
To Clock       : CONTINUOUS_PULSE
Failed Paths   : 108

Type           : Clock Hold: 'uIR_3_HALT'
Slack          : Not operational: Clock Skew > Data Delay
Required Time  : None
Actual Time    : N/A
From           : reg8:SIG|inst7
To             : reg8_bus:I_R|reg8:inst1|inst9
From Clock     : uIR_3_HALT
To Clock       : uIR_3_HALT
Failed Paths   : 108

Type           : Clock Hold: 'uIR_9'
Slack          : Not operational: Clock Skew > Data Delay
Required Time  : None
Actual Time    : N/A
From           : reg8_bus:I_R|reg8:inst1|inst4
To             : reg8_bus:I_R|reg8:inst1|inst9
From Clock     : uIR_9
To Clock       : uIR_9
Failed Paths   : 17

Type           : Clock Hold: 'uIR_10'
Slack          : Not operational: Clock Skew > Data Delay
Required Time  : None
Actual Time    : N/A
From           : reg8_bus:I_R|reg8:inst1|inst4
To             : reg8_bus:I_R|reg8:inst1|inst9
From Clock     : uIR_10
To Clock       : uIR_10
Failed Paths   : 17

Type           : Clock Hold: 'uIR_11'
Slack          : Not operational: Clock Skew > Data Delay
Required Time  : None
Actual Time    : N/A
From           : reg8_bus:I_R|reg8:inst1|inst4
To             : reg8_bus:I_R|reg8:inst1|inst9
From Clock     : uIR_11
To Clock       : uIR_11
Failed Paths   : 17

Type           : Total number of failed paths
Slack          : 
Required Time  : 
Actual Time    : 
From           : 
To             : 
From Clock     : 
To Clock       : 
Failed Paths   : 375

--------------------------------------------------------------------------------------

